; Included to "extensions.conf.includes"

[hello-priority-inclusion]



