; priority: 999
#include "entities/office/extensions_priority.conf"
#include "entities/office/extensions.conf"
